[F,N] [F,N] [P,N] [P,N] [P,N] [W,N] [W,N] [P,N] [P,N] [F,N] [P,N] [P,N] [P,N] [F,N] [C,R] [C,R] [T,T] [P,C] [F,N] [P,N] [P,N] [P,N] [F,N] [P,N] [P,N] [P,N] [F,N] [P,N]
[F,N] [P,N] [P,N] [P,C] [P,N] [W,N] [W,N] [P,N] [F,N] [P,N] [P,N] [P,C] [F,N] [P,N] [C,R] [C,R] [P,C] [P,N] [F,N] [P,N] [P,C] [P,N] [P,N] [F,N] [P,N] [P,N] [P,N] [P,N]
[P,N] [P,S] [P,N] [F,N] [P,N] [P,N] [P,N] [P,N] [F,N] [P,C] [C,R] [C,R] [C,R] [P,C] [P,N] [P,N] [F,N] [P,N] [P,N] [P,N] [P,N] [P,N] [F,N] [P,N] [M,N] [P,N] [P,N] [P,N]
[T,T] [C,R] [P,B] [P,N] [F,N] [P,N] [P,N] [P,N] [P,N] [P,N] [C,R] [T,T] [P,C] [P,N] [F,N] [P,N] [P,N] [P,N] [P,B] [P,N] [F,N] [P,N] [P,N] [P,N] [P,N] [P,N] [F,N] [P,N]
[H,T] [C,R] [P,C] [F,N] [P,N] [W,N] [W,N] [P,N] [P,N] [F,N] [P,N] [P,N] [F,N] [P,N] [P,N] [P,C] [P,N] [F,N] [P,N] [P,N] [P,N] [P,N] [P,N] [P,N] [F,N] [P,N] [P,S] [P,N]
[P,N] [P,N] [P,C] [F,N] [P,N] [W,N] [W,N] [P,N] [F,N] [P,N] [P,N] [F,N] [P,N] [P,N] [P,N] [F,N] [P,N] [P,N] [P,N] [F,N] [P,N] [P,C] [P,N] [F,N] [P,N] [P,N] [P,N] [P,N]
[P,N] [F,N] [P,N] [P,N] [C,R] [C,R] [P,C] [P,N] [F,N] [P,N] [P,N] [P,N] [P,N] [F,N] [P,N] [P,N] [P,N] [P,N] [F,N] [P,N] [P,N] [P,N] [C,R] [C,R] [P,N] [P,N] [F,N] [P,N]
[P,N] [P,N] [M,N] [P,N] [T,T] [C,R] [P,C] [F,N] [F,N] [P,N] [P,N] [P,N] [F,N] [P,N] [P,N] [P,N] [F,N] [P,N] [P,N] [P,N] [F,N] [P,N] [T,T] [C,R] [P,C] [M,N] [P,N] [P,N]
[P,N] [F,N] [P,N] [P,N] [P,N] [P,N] [F,N] [P,N] [W,N] [W,N] [P,N] [P,N] [P,N] [P,N] [F,N] [P,N] [P,N] [F,N] [P,N] [P,N] [P,N] [F,N] [P,N] [P,N] [P,N] [P,N] [F,N] [P,N]
[P,N] [P,N] [P,N] [F,N] [P,N] [P,N] [P,N] [P,N] [W,N] [W,N] [P,N] [F,N] [P,N] [P,N] [P,N] [P,N] [F,N] [P,N] [P,C] [P,N] [P,N] [P,N] [F,N] [P,N] [P,N] [P,N] [P,N] [P,N]
[F,N] [P,N] [P,C] [P,N] [C,R] [P,C] [F,N] [P,N] [P,N] [P,N] [P,N] [P,N] [C,R] [P,N] [F,N] [P,N] [P,N] [P,N] [T,T] [C,R] [P,C] [F,N] [P,N] [P,N] [P,C] [P,N] [F,N] [P,N]
[P,N] [P,N] [F,N] [P,N] [P,N] [F,N] [P,N] [P,N] [P,N] [F,N] [P,N] [P,N] [P,N] [P,N] [P,N] [F,N] [P,N] [P,N] [P,N] [P,N] [F,N] [P,N] [P,N] [F,N] [P,N] [P,N] [P,N] [P,N]
[P,S] [F,N] [P,N] [P,N] [P,N] [P,N] [F,N] [P,C] [P,N] [P,N] [F,N] [P,N] [P,N] [F,N] [P,N] [P,N] [F,N] [P,N] [P,N] [P,N] [P,N] [F,N] [P,N] [P,N] [P,N] [P,N] [F,N] [P,N]
[P,N] [P,N] [P,N] [F,N] [P,N] [P,N] [P,N] [F,N] [P,N] [P,N] [P,N] [P,N] [F,N] [P,N] [C,R] [P,C] [P,N] [F,N] [P,N] [P,C] [P,N] [P,N] [F,N] [P,N] [P,N] [C,R] [T,T] [H,T]