[F,N] [F,N] [P,N] [P,N] [P,N] [W,N] [W,N] [P,N] [P,N] [F,N] [P,N] [P,N] [P,N] [F,N] [C,N] [C,R] [T,N] [P,N] [F,N] [P,N] [P,N] [P,N] [F,N] [P,N] [P,N] [P,N] [F,N] [P,N]
[F,N] [P,N] [P,N] [P,C] [P,N] [W,N] [W,N] [P,N] [F,N] [P,N] [P,N] [P,N] [F,N] [P,N] [C,N] [C,N] [P,N] [P,N] [F,N] [P,N] [P,C] [P,N] [P,N] [F,N] [P,N] [P,N] [P,N] [P,N]
[P,N] [P,S] [P,N] [F,N] [P,N] [P,N] [P,N] [P,N] [F,N] [P,N] [C,N] [C,R] [C,N] [P,N] [P,N] [P,N] [F,N] [P,N] [P,N] [P,N] [P,N] [P,N] [F,N] [P,N] [M,N] [P,N] [P,N] [P,N]
[T,N] [C,N] [P,B] [P,N] [F,N] [P,N] [P,N] [P,N] [P,N] [P,N] [C,N] [T,N] [P,N] [P,N] [F,N] [P,N] [P,N] [P,N] [P,B] [P,N] [F,N] [P,N] [P,N] [P,N] [P,N] [P,N] [F,N] [P,N]
[H,N] [C,R] [P,N] [F,T] [P,N] [W,N] [W,N] [P,N] [P,N] [F,N] [P,N] [P,N] [F,N] [P,N] [P,N] [P,C] [P,N] [F,N] [P,N] [P,N] [P,N] [P,N] [P,N] [P,N] [F,N] [P,N] [P,S] [P,N]
[P,N] [P,N] [P,C] [F,N] [P,N] [W,N] [W,N] [P,N] [F,N] [P,N] [P,N] [F,N] [P,N] [P,N] [P,N] [F,N] [P,N] [P,N] [P,N] [F,N] [P,N] [P,C] [P,N] [F,N] [P,N] [P,N] [P,N] [P,N]
[P,N] [F,R] [P,N] [P,N] [C,N] [C,R] [P,B] [P,N] [F,N] [P,N] [P,N] [P,N] [P,N] [F,N] [P,N] [P,N] [P,B] [P,N] [F,N] [P,N] [P,N] [P,N] [C,N] [C,R] [P,N] [P,N] [F,N] [P,N]
[P,N] [P,N] [M,R] [P,N] [T,N] [C,N] [P,N] [F,T] [F,N] [P,N] [P,N] [P,N] [F,N] [P,N] [P,N] [P,N] [F,N] [P,N] [P,N] [P,N] [F,N] [P,N] [T,N] [C,N] [P,N] [M,N] [P,N] [P,N]
[P,N] [F,N] [P,N] [P,N] [P,N] [P,N] [F,N] [P,N] [W,N] [W,N] [P,N] [P,N] [P,N] [P,N] [F,N] [P,N] [P,N] [F,N] [P,N] [P,N] [P,N] [F,N] [P,N] [P,N] [P,N] [P,N] [F,N] [P,N]
[P,N] [P,N] [P,N] [F,C] [P,N] [P,N] [P,N] [P,N] [W,N] [W,N] [P,N] [F,N] [P,N] [P,N] [P,N] [P,N] [F,N] [P,N] [P,C] [P,N] [P,N] [P,N] [F,N] [P,N] [P,N] [P,N] [P,N] [P,N]
[F,N] [P,N] [P,B] [P,N] [C,N] [P,N] [F,N] [P,N] [P,N] [P,N] [P,N] [P,N] [C,N] [P,N] [F,N] [P,N] [P,N] [P,N] [T,N] [C,R] [P,N] [F,N] [P,N] [P,N] [P,B] [P,N] [F,N] [P,N]
[P,N] [P,N] [F,N] [P,N] [P,N] [F,N] [P,N] [P,N] [P,N] [F,N] [P,N] [P,N] [P,N] [P,N] [P,N] [F,N] [P,N] [P,N] [P,N] [P,N] [F,N] [P,N] [P,N] [F,N] [P,N] [P,N] [P,N] [P,N]
[P,S] [F,N] [P,N] [P,N] [P,N] [P,N] [F,N] [P,C] [P,N] [P,N] [F,N] [P,N] [P,N] [F,N] [P,N] [P,N] [F,N] [P,N] [P,N] [P,N] [P,N] [F,N] [P,N] [P,N] [P,N] [P,N] [F,N] [P,N]
[P,N] [P,N] [P,N] [F,N] [P,N] [P,N] [P,N] [F,N] [P,N] [P,N] [P,N] [P,N] [F,N] [P,N] [C,N] [P,N] [P,N] [F,N] [P,N] [P,B] [P,N] [P,N] [F,N] [P,N] [P,N] [C,N] [T,N] [H,N]
