[F,N] [F,N] [P,S] [P,N] [P,C] [P,N] [F,N] [F,N] [P,N] [P,N] [P,N] [C,R] [C,R] [P,C] [P,N] [P,N] [F,N] [P,N] [C,R] [P,C] [P,N] [P,C] [C,R] [C,R] [P,B] [P,N] [W,N] [W,N]
[F,N] [P,N] [P,N] [P,N] [P,N] [F,N] [F,N] [P,N] [P,N] [P,C] [P,N] [C,R] [T,T] [P,B] [F,N] [F,N] [P,N] [P,C] [P,N] [P,N] [F,N] [C,R] [C,R] [P,B] [P,N] [P,N] [W,N] [W,N]
[P,N] [P,S] [P,N] [F,N] [P,N] [P,N] [P,C] [P,N] [P,N] [P,N] [F,N] [P,N] [P,N] [P,N] [F,N] [P,N] [P,N] [F,N] [P,N] [P,C] [P,T] [P,B] [C,R] [P,C] [F,N] [P,N] [W,N] [W,N]
[P,N] [F,N] [F,T] [P,N] [P,N] [P,N] [P,N] [P,B] [P,N] [F,N] [P,N] [P,N] [P,C] [F,N] [P,N] [P,N] [P,N] [P,N] [F,N] [P,C] [P,T] [P,B] [P,C] [P,R] [P,N] [P,N] [W,N] [W,N]
[P,N] [P,N] [P,N] [P,N] [F,N] [P,N] [P,N] [P,N] [F,N] [P,N] [P,N] [P,N] [P,N] [P,N] [P,N] [F,N] [P,N] [P,C] [P,B] [P,N] [P,N] [F,N] [P,N] [P,C] [C,R] [P,B] [W,N] [W,N]
[P,N] [P,N] [F,N] [P,C] [P,N] [P,N] [F,N] [P,N] [P,N] [P,N] [P,N] [P,N] [F,T] [P,N] [P,N] [P,C] [P,N] [P,N] [F,N] [P,N] [P,C] [P,N] [P,N] [C,R] [T,T] [P,B] [W,N] [W,N]
[P,N] [P,N] [P,N] [F,N] [P,N] [P,N] [P,N] [P,N] [P,N] [F,N] [P,N] [P,N] [P,N] [P,N] [F,N] [P,N] [P,N] [P,N] [P,N] [F,N] [P,C] [P,N] [P,N] [P,C] [P,R] [P,B] [W,N] [W,N]
[P,N] [F,N] [P,N] [P,N] [P,C] [F,N] [P,N] [P,N] [P,C] [P,N] [P,N] [F,N] [P,N] [P,N] [P,N] [P,N] [P,B] [P,N] [F,N] [P,N] [P,C] [P,T] [P,B] [F,N] [P,C] [C,R] [W,N] [W,N]
[C,R] [T,T] [P,B] [P,C] [F,N] [P,N] [P,N] [F,T] [P,N] [P,N] [P,N] [P,N] [F,N] [P,N] [P,N] [F,N] [P,N] [P,N] [P,N] [P,C] [F,N] [P,N] [P,C] [P,N] [C,R] [P,B] [W,N] [W,N]
[H,R] [C,R] [P,B] [F,N] [P,N] [P,C] [P,N] [P,N] [P,N] [F,N] [P,N] [P,N] [P,N] [P,N] [P,N] [P,N] [F,N] [P,N] [P,N] [P,B] [P,C] [P,N] [P,N] [P,N] [P,C] [P,N] [W,N] [W,N]
[P,N] [P,N] [P,N] [P,N] [F,N] [P,N] [P,N] [P,N] [F,N] [P,N] [P,N] [P,N] [P,C] [P,N] [F,N] [P,N] [P,N] [C,R] [P,B] [P,N] [P,N] [F,N] [P,N] [P,C] [P,N] [P,N] [W,N] [W,N]
[P,S] [F,N] [P,N] [P,N] [P,N] [P,N] [F,N] [P,N] [P,N] [P,N] [F,N] [P,N] [P,N] [P,N] [P,N] [F,N] [P,N] [P,N] [P,C] [F,N] [P,N] [P,N] [P,C] [C,R] [C,R] [P,B] [W,N] [W,N]
[P,N] [P,N] [P,N] [F,N] [P,C] [P,N] [P,N] [F,N] [P,N] [P,N] [P,N] [P,N] [F,N] [P,N] [P,N] [P,C] [P,N] [P,N] [F,N] [P,C] [P,N] [P,B] [P,C] [P,N] [T,T] [C,R] [W,N] [W,N]
[P,N] [P,N] [F,N] [F,T] [P,N] [P,N] [P,N] [P,N] [P,N] [F,N] [P,N] [C,R] [P,C] [P,N] [F,N] [P,N] [P,N] [F,N] [P,N] [P,N] [P,C] [P,B] [P,N] [P,C] [C,R] [H,R] [W,N] [W,N]