[F,N] [F,N] [P,N] [P,N] [P,C] [P,N] [F,N] [F,T] [P,N] [P,N] [P,N] [C,N] [C,R] [P,N] [P,N] [P,N] [F,N] [P,N] [C,N] [P,N] [P,N] [P,N] [C,N] [C,R] [P,N] [P,N] [W,N] [W,N]
[F,N] [P,N] [P,N] [P,N] [P,N] [F,N] [F,N] [P,N] [P,N] [P,B] [P,N] [C,N] [T,N] [P,N] [F,N] [F,N] [P,N] [P,C] [P,N] [P,N] [F,N] [C,N] [C,N] [P,N] [P,N] [P,N] [W,N] [W,N]
[P,N] [P,S] [P,N] [F,N] [P,N] [P,N] [P,C] [P,N] [P,N] [P,N] [F,N] [P,N] [P,N] [P,N] [F,N] [P,N] [P,N] [F,N] [P,N] [P,N] [P,T] [P,N] [C,N] [P,N] [F,N] [P,N] [W,N] [W,N]
[P,N] [F,N] [F,T] [P,N] [P,N] [P,N] [P,N] [P,B] [P,N] [F,N] [P,N] [P,N] [P,C] [F,N] [P,N] [P,N] [P,N] [P,N] [F,N] [P,N] [P,N] [P,N] [P,N] [P,R] [P,N] [P,N] [W,N] [W,N]
[P,N] [P,N] [P,N] [P,N] [F,N] [P,N] [P,N] [P,N] [F,N] [P,N] [P,N] [P,N] [P,N] [P,N] [P,N] [F,N] [P,N] [P,N] [P,B] [P,N] [P,N] [F,N] [P,N] [P,N] [C,N] [P,N] [W,N] [W,N]
[P,N] [P,N] [F,N] [P,C] [P,N] [P,N] [F,N] [P,N] [P,N] [P,N] [P,N] [P,N] [F,T] [P,N] [P,N] [P,C] [P,N] [P,N] [F,N] [P,N] [P,N] [P,N] [P,N] [C,N] [T,N] [P,N] [W,N] [W,N]
[P,N] [P,N] [P,N] [F,N] [P,N] [P,N] [P,N] [P,N] [P,N] [F,N] [P,N] [P,N] [P,N] [P,N] [F,N] [P,N] [P,N] [P,N] [P,N] [F,N] [P,C] [P,N] [P,N] [P,N] [P,R] [P,N] [W,N] [W,N]
[P,N] [F,N] [P,N] [P,N] [P,B] [F,N] [P,N] [P,N] [P,C] [P,N] [P,N] [F,N] [P,N] [P,N] [P,N] [P,N] [P,B] [P,N] [F,N] [P,N] [P,N] [P,N] [P,N] [F,N] [P,N] [C,N] [W,N] [W,N]
[C,N] [T,N] [P,N] [P,N] [F,N] [P,N] [P,N] [F,T] [P,N] [P,N] [P,N] [P,N] [F,N] [P,N] [P,N] [F,N] [P,N] [P,N] [P,N] [P,N] [F,N] [P,N] [P,C] [P,N] [C,N] [P,N] [W,N] [W,N]
[H,N] [C,R] [P,N] [F,N] [P,N] [P,C] [P,N] [P,N] [P,N] [F,N] [P,N] [P,N] [P,N] [P,N] [P,N] [P,N] [F,N] [P,N] [P,N] [P,B] [P,N] [P,N] [P,N] [P,N] [P,N] [P,N] [W,N] [W,N]
[P,N] [P,N] [P,N] [P,N] [F,N] [P,N] [P,N] [P,N] [F,N] [P,N] [P,N] [P,N] [P,C] [P,N] [F,N] [P,N] [P,N] [C,N] [P,N] [P,N] [P,N] [F,N] [P,N] [P,N] [P,N] [P,N] [W,N] [W,N]
[P,S] [F,N] [P,N] [P,N] [P,N] [P,N] [F,N] [P,N] [P,N] [P,N] [F,N] [P,N] [P,N] [P,N] [P,N] [F,N] [P,N] [P,N] [P,N] [F,N] [P,N] [P,N] [P,N] [C,R] [C,N] [P,N] [W,N] [W,N]
[P,N] [P,N] [P,N] [F,N] [P,C] [P,N] [P,N] [F,N] [P,N] [P,N] [P,N] [P,N] [F,N] [P,N] [P,N] [P,C] [P,N] [P,N] [F,N] [P,N] [P,N] [P,B] [P,N] [P,N] [T,N] [C,N] [W,N] [W,N]
[P,N] [P,N] [F,N] [F,T] [P,N] [P,N] [P,N] [P,N] [P,N] [F,N] [P,N] [C,N] [P,N] [P,N] [F,N] [P,N] [P,N] [F,N] [P,N] [P,N] [P,N] [P,N] [P,N] [P,N] [C,N] [H,N] [W,N] [W,N]
